Microchip MPLAB XC8 Compiler V1.45 ()

Linker command line:

--edf=C:\Program Files (x86)\Microchip\xc8\v1.45\dat\en_msgs.txt -cs \
  -h+dist/LPCUSBDK_18F14K50/production\low_pin_count_usb_development_kit_pic18f14k50.x.production.sym \
  --cmf=dist/LPCUSBDK_18F14K50/production\low_pin_count_usb_development_kit_pic18f14k50.x.production.cmf \
  -z -Q18F14K50 -oC:\Users\chuck\AppData\Local\Temp\sfas.2 \
  -Mdist/LPCUSBDK_18F14K50/production/low_pin_count_usb_development_kit_pic18f14k50.x.production.map \
  -E1 -ver=XC8 -ASTACK=09Bh-01ffh -pstack=STACK -ACODE=00h-03FFFh \
  -ACONST=00h-03FFFh -ASMALLCONST=0300h-03FFhx61 -AMEDIUMCONST=0300h-03FFFh \
  -ACOMRAM=01h-05Fh -AABS1=00h-02FFh -ABIGRAM=01h-02FFh \
  -ARAM=060h-0FFh,0100h-01FFhx2 -ABANK0=060h-0FFh -ABANK1=0100h-01FFh \
  -ABANK2=0200h-02FFh -ASFR=0F53h-0F5Fh,0F60h-0FFFh \
  -preset_vec=00h,intcode=08h,intcodelo,powerup,init -pramtop=0300h \
  -psmallconst=SMALLCONST -pmediumconst=MEDIUMCONST -pconst=CONST \
  -AFARRAM=00h-00h -ACONFIG=0300000h-030000Dh -pconfig=CONFIG \
  -AIDLOC=0200000h-0200007h -pidloc=IDLOC -AEEDATA=0F00000h-0F000FFh \
  -peeprom_data=EEDATA \
  -prdata=COMRAM,nvrram=COMRAM,nvbit=COMRAM,rbss=COMRAM,rbit=COMRAM \
  -pfarbss=FARRAM,fardata=FARRAM,nvFARRAM=FARRAM \
  -pintsave_regs=BIGRAM,bigbss=BIGRAM,bigdata=BIGRAM -pbss=RAM \
  -pidata=CODE,irdata=CODE,ibigdata=CODE,ifardata=CODE -prparam=COMRAM \
  C:\Users\chuck\AppData\Local\Temp\sfas.obj \
  dist/LPCUSBDK_18F14K50/production\low_pin_count_usb_development_kit_pic18f14k50.x.production.obj 

Object code version is 3.11

Machine type is 18F14K50

Call graph: (short form)




                Name                               Link     Load   Length Selector   Space Scale
C:\Users\chuck\AppData\Local\Temp\sfas.obj
                init                                 A2       A2        4        4       0
                reset_vec                             0        0        4        0       0
                idloc                            200000   200000        8   200000       0
                config                           300000   300000        E   300000       0
dist/LPCUSBDK_18F14K50/production\low_pin_count_usb_development_kit_pic18f14k50.x.production.obj
                intcode                               8        8       9A        4       0
                temp                                 58       58        1        1       1
                smallconst                          300      300       D8      180       0
                text63                             15D2     15D2       CC      1EC       0
                text62                             2014     2014       2C      1EC       0
                text61                             1FE8     1FE8       2C      1EC       0
                text60                             217E     217E       16      1EC       0
                text59                             223A     223A        A      1EC       0
                text58                             1324     1324       EC      1EC       0
                text57                             169E     169E       C4      1EC       0
                text56                              BA4      BA4      134      1EC       0
                text55                             1C1E     1C1E       5C      1EC       0
                text54                             1A92     1A92       94      1EC       0
                text53                             1DD2     1DD2       3C      1EC       0
                text52                             103C     103C      102      1EC       0
                text51                             1BB6     1BB6       68      1EC       0
                text50                             1762     1762       BC      1EC       0
                text49                             21F0     21F0       12      1EC       0
                text48                             214A     214A       1E      1EC       0
                text47                             113E     113E       F4      1EC       0
                text46                             222C     222C        E      1EC       0
                text45                             221E     221E        E      1EC       0
                text44                             2210     2210        E      1EC       0
                text43                             2202     2202        E      1EC       0
                text42                             1FBC     1FBC       2C      1EC       0
                text41                             1CC6     1CC6       48      1EC       0
                text40                             1964     1964       98      1EC       0
                text39                              69A      69A      280      1EC       0
                text38                              E08      E08      12E      1EC       0
                text37                             181E     181E       A8      1EC       0
                text36                             1F90     1F90       2C      1EC       0
                text35                             14F2     14F2       E0      1EC       0
                text34                             1410     1410       E2      1EC       0
                text33                             18C6     18C6       9E      1EC       0
                text32                             1232     1232       F2      1EC       0
                text31                             1B26     1B26       90      1EC       0
                text30                             1D52     1D52       44      1EC       0
                text29                             19FC     19FC       96      1EC       0
                text28                             212C     212C       1E      1EC       0
                text27                             1D0E     1D0E       44      1EC       0
                text26                             1F64     1F64       2C      1EC       0
                text25                             1E72     1E72       32      1EC       0
                text24                              A60      A60      144      1EC       0
                text23                              CD8      CD8      130      1EC       0
                text21                             1F34     1F34       30      1EC       0
                text20                             1F04     1F04       30      1EC       0
                text19                             2168     2168       16      1EC       0
                text18                             20BE     20BE       2A      1EC       0
                text17                             2094     2094       2A      1EC       0
                text16                             206A     206A       2A      1EC       0
                text15                             2040     2040       2A      1EC       0
                text14                             1D96     1D96       3C      1EC       0
                text13                             1E40     1E40       32      1EC       0
                text12                              F36      F36      106      1EC       0
                text11                             210E     210E       1E      1EC       0
                text10                             1ED4     1ED4       30      1EC       0
                text9                               3D8      3D8      2C2      1EC       0
                text8                              21DE     21DE       12      1EC       0
                text7                              21CC     21CC       12      1EC       0
                text6                              21BA     21BA       12      1EC       0
                text5                              21A8     21A8       12      1EC       0
                text4                              1EA4     1EA4       30      1EC       0
                text3                              1C7A     1C7A       4C      1EC       0
                text2                              1E0E     1E0E       32      1EC       0
                text1                               91A      91A      146      1EC       0
                text0                              2194     2194       14      1EC       0
                cstackCOMRAM                          1        1       2E        1       1
                cstackBANK0                          8A       8A       11       60       1
                bssBANK0                             60       60       2A       60       1
                bssCOMRAM                            2F       2F       29        1       1
                cinit                              20E8     20E8       26      1EC       0

TOTAL           Name                               Link     Load   Length     Space
        CLASS   STACK          

        CLASS   CODE           
                intcode                               8        8       9A         0
                init                                 A2       A2        4         0
                reset_vec                             0        0        4         0
                text63                             15D2     15D2       CC         0
                text62                             2014     2014       2C         0
                text61                             1FE8     1FE8       2C         0
                text60                             217E     217E       16         0
                text59                             223A     223A        A         0
                text58                             1324     1324       EC         0
                text57                             169E     169E       C4         0
                text56                              BA4      BA4      134         0
                text55                             1C1E     1C1E       5C         0
                text54                             1A92     1A92       94         0
                text53                             1DD2     1DD2       3C         0
                text52                             103C     103C      102         0
                text51                             1BB6     1BB6       68         0
                text50                             1762     1762       BC         0
                text49                             21F0     21F0       12         0
                text48                             214A     214A       1E         0
                text47                             113E     113E       F4         0
                text46                             222C     222C        E         0
                text45                             221E     221E        E         0
                text44                             2210     2210        E         0
                text43                             2202     2202        E         0
                text42                             1FBC     1FBC       2C         0
                text41                             1CC6     1CC6       48         0
                text40                             1964     1964       98         0
                text39                              69A      69A      280         0
                text38                              E08      E08      12E         0
                text37                             181E     181E       A8         0
                text36                             1F90     1F90       2C         0
                text35                             14F2     14F2       E0         0
                text34                             1410     1410       E2         0
                text33                             18C6     18C6       9E         0
                text32                             1232     1232       F2         0
                text31                             1B26     1B26       90         0
                text30                             1D52     1D52       44         0
                text29                             19FC     19FC       96         0
                text28                             212C     212C       1E         0
                text27                             1D0E     1D0E       44         0
                text26                             1F64     1F64       2C         0
                text25                             1E72     1E72       32         0
                text24                              A60      A60      144         0
                text23                              CD8      CD8      130         0
                text21                             1F34     1F34       30         0
                text20                             1F04     1F04       30         0
                text19                             2168     2168       16         0
                text18                             20BE     20BE       2A         0
                text17                             2094     2094       2A         0
                text16                             206A     206A       2A         0
                text15                             2040     2040       2A         0
                text14                             1D96     1D96       3C         0
                text13                             1E40     1E40       32         0
                text12                              F36      F36      106         0
                text11                             210E     210E       1E         0
                text10                             1ED4     1ED4       30         0
                text9                               3D8      3D8      2C2         0
                text8                              21DE     21DE       12         0
                text7                              21CC     21CC       12         0
                text6                              21BA     21BA       12         0
                text5                              21A8     21A8       12         0
                text4                              1EA4     1EA4       30         0
                text3                              1C7A     1C7A       4C         0
                text2                              1E0E     1E0E       32         0
                text1                               91A      91A      146         0
                text0                              2194     2194       14         0
                cinit                              20E8     20E8       26         0

        CLASS   CONST          

        CLASS   SMALLCONST     
                smallconst                          300      300       D8         0

        CLASS   MEDIUMCONST    

        CLASS   COMRAM         
                temp                                 58       58        1         1
                cstackCOMRAM                          1        1       2E         1
                bssCOMRAM                            2F       2F       29         1

        CLASS   ABS1           
                abs_s1                              200      200       30         1
                abs_s1                              240      240        9         1

        CLASS   BIGRAM         

        CLASS   RAM            

        CLASS   BANK0          
                cstackBANK0                          8A       8A       11         1
                bssBANK0                             60       60       2A         1

        CLASS   BANK1          

        CLASS   BANK2          

        CLASS   SFR            

        CLASS   FARRAM         

        CLASS   CONFIG         
                config                           300000   300000        E         0

        CLASS   IDLOC          
                idloc                            200000   200000        8         0

        CLASS   EEDATA         



SEGMENTS        Name                           Load    Length   Top    Selector   Space  Class

                reset_vec                      000000  000004  000004         0       0  CODE    
                cstackCOMRAM                   000001  000058  000059         1       1  COMRAM  
                intcode                        000008  00009E  0000A6         4       0  CODE    
                bssBANK0                       000060  00003B  00009B        60       1  BANK0   
                smallconst                     000300  0000D8  0003D8       180       0  SMALLCON
                text9                          0003D8  001E6C  002244       1EC       0  CODE    
                idloc                          200000  000008  200008    200000       0  IDLOC   
                config                         300000  00000E  30000E    300000       0  CONFIG  


UNUSED ADDRESS RANGES

        Name                Unused          Largest block    Delta
        BANK0            00009B-0000FF               65
        BANK1            000100-0001FF              100
        BANK2            000230-00023F               10
                         000249-0002FF               B7
        BIGRAM           000059-00005F                7
                         00009B-0001FF              165
                         000230-00023F               10
                         000249-0002FF               B7
        CODE             000004-000007                4
                         0000A6-0002FF              25A
                         002244-003FFF             1DBC
        COMRAM           000059-00005F                7
        CONST            000004-000007                4
                         0000A6-0002FF              25A
                         002244-003FFF             1DBC
        EEDATA           F00000-F000FF              100
        MEDIUMCONST      002244-003FFF             1DBC
        RAM              00009B-0001FF               65
                         000230-00023F               10
                         000249-0002FF               B7
        SFR              000F53-000FFF                D
        SMALLCONST       002244-003FFF              100
        STACK            00009B-0001FF              165

                                  Symbol Table

?_USBTransferOnePacket                      cstackBANK0  00008A
?_adConv                                    cstackBANK0  00008A
?i2_USBTransferOnePacket                    cstackCOMRAM 000001
APP_KeyboardTasks@TimeDeltaMilliseconds     cstackBANK0  000098
APP_KeyboardTasks@i                         cstackBANK0  00009A
APP_KeyboardTasks@joyLR                     bssBANK0     000086
APP_KeyboardTasks@joyUD                     bssBANK0     000088
APP_KeyboardTasks@needToSendNewReportPacket cstackBANK0  000097
APP_LEDUpdateUSBStatus@ledCount             bssCOMRAM    00003B
BUTTON_Enable1@button                       cstackBANK0  00008A
BUTTON_Enable2@button                       cstackBANK0  00008A
BUTTON_Enable3@button                       cstackBANK0  00008A
BUTTON_Enable4@button                       cstackBANK0  00008A
BUTTON_IsPressed1@button                    cstackBANK0  00008A
BUTTON_IsPressed2@button                    cstackBANK0  00008A
BUTTON_IsPressed3@button                    cstackBANK0  00008A
BUTTON_IsPressed4@button                    cstackBANK0  00008A
InPut@joyLR                                 cstackBANK0  000091
InPut@joyUD                                 cstackBANK0  00008F
LED_Enable@led                              cstackBANK0  00008A
LED_Off@led                                 cstackBANK0  00008A
LED_On@led                                  cstackBANK0  00008A
SYSTEM_Initialize@state                     cstackBANK0  00008B
USBConfigureEndpoint@EPNum                  cstackCOMRAM 000006
USBConfigureEndpoint@direction              cstackCOMRAM 000001
USBConfigureEndpoint@handle                 cstackCOMRAM 000007
USBCtrlTrfInHandler@lastDTS                 cstackCOMRAM 000002
USBCtrlTrfRxService@byteToRead              cstackCOMRAM 000003
USBCtrlTrfRxService@i                       cstackCOMRAM 000002
USBCtrlTrfTxService@byteToSend              cstackCOMRAM 000001
USBDeviceInit@i                             cstackBANK0  000092
USBDeviceTasks@i                            cstackCOMRAM 00001C
USBEnableEndpoint@ep                        cstackCOMRAM 00000C
USBEnableEndpoint@options                   cstackCOMRAM 000009
USBEnableEndpoint@p                         cstackCOMRAM 00000A
USBHIDCBSetIdleRateHandler@newIdleRate      cstackCOMRAM 000001
USBHIDCBSetIdleRateHandler@reportID         cstackCOMRAM 000002
USBStdFeatureReqHandler@current_ep_data     cstackCOMRAM 000018
USBStdFeatureReqHandler@p                   cstackCOMRAM 000019
USBStdFeatureReqHandler@pUEP                cstackCOMRAM 000016
USBStdGetStatusHandler@p                    cstackCOMRAM 000002
USBStdSetCfgHandler@i                       cstackCOMRAM 000015
USBTransferOnePacket@data                   cstackBANK0  00008B
USBTransferOnePacket@dir                    cstackBANK0  00008A
USBTransferOnePacket@ep                     cstackBANK0  000092
USBTransferOnePacket@handle                 cstackBANK0  000093
USBTransferOnePacket@len                    cstackBANK0  00008D
USER_USB_CALLBACK_EVENT_HANDLER@event       cstackCOMRAM 00000D
USER_USB_CALLBACK_EVENT_HANDLER@pdata       cstackCOMRAM 00000F
USER_USB_CALLBACK_EVENT_HANDLER@size        cstackCOMRAM 000011
_ADCON0                                     (abs)        000FC2
_ADCON1                                     (abs)        000FC1
_ADCON2                                     (abs)        000FC0
_ADON                                       (abs)        007E10
_ADRESH                                     (abs)        000FC4
_ADRESL                                     (abs)        000FC3
_ANSEL                                      (abs)        000F7E
_ANSELH                                     (abs)        000F7F
_APP_KeyboardInit                           text51       001BB6
_APP_KeyboardProcessOutputReport            text19       002168
_APP_KeyboardTasks                          text9        0003D8
_APP_LEDUpdateUSBStatus                     text50       001762
_BDT                                        (abs)        000200
_BUTTON_Enable1                             text8        0021DE
_BUTTON_Enable2                             text7        0021CC
_BUTTON_Enable3                             text6        0021BA
_BUTTON_Enable4                             text5        0021A8
_BUTTON_IsPressed1                          text18       0020BE
_BUTTON_IsPressed2                          text17       002094
_BUTTON_IsPressed3                          text16       00206A
_BUTTON_IsPressed4                          text15       002040
_BothEP0OutUOWNsSet                         bssCOMRAM    00004C
_CtrlTrfData                                (abs)        000228
_GO_nDONE                                   (abs)        007E11
_INTCONbits                                 (abs)        000FF2
_IPR2bits                                   (abs)        000FA2
_InPut                                      text13       001E40
_LATBbits                                   (abs)        000F8A
_LED_Enable                                 text4        001EA4
_LED_Off                                    text21       001F34
_LED_On                                     text20       001F04
_LocalSOFCount                              bssBANK0     00007E
_OldSOFCount                                bssCOMRAM    000039
_PIE2bits                                   (abs)        000FA0
_PIR2bits                                   (abs)        000FA1
_PORTB                                      (abs)        000F81
_PORTC                                      (abs)        000F82
_PORTCbits                                  (abs)        000F82
_RCONbits                                   (abs)        000FD0
_RemoteWakeup                               bssCOMRAM    00004F
_SOFCounter                                 bssCOMRAM    00003D
_SYSTEM_Initialize                          text3        001C7A
_SYS_InterruptHigh                          intcode      000008
_SetupPkt                                   (abs)        000220
_TRISB                                      (abs)        000F93
_TRISBbits                                  (abs)        000F93
_TRISC                                      (abs)        000F94
_UADDR                                      (abs)        000F5C
_UCFG                                       (abs)        000F61
_UCON                                       (abs)        000F64
_UCONbits                                   (abs)        000F64
_UEIE                                       (abs)        000F5B
_UEIR                                       (abs)        000F5F
_UEP0                                       (abs)        000F53
_UEP0bits                                   (abs)        000F53
_UEP1                                       (abs)        000F54
_UIE                                        (abs)        000F60
_UIEbits                                    (abs)        000F60
_UIR                                        (abs)        000F62
_UIRbits                                    (abs)        000F62
_USB1msTickCount                            bssCOMRAM    000035
_USBActiveConfiguration                     bssCOMRAM    000057
_USBAlternateInterface                      bssCOMRAM    000056
_USBBusIsSuspended                          bssCOMRAM    00004E
_USBCheckHIDRequest                         text47       00113E
_USBCheckStdRequest                         text34       001410
_USBConfigureEndpoint                       text54       001A92
_USBCtrlEPAllowDataStage                    text33       0018C6
_USBCtrlEPAllowStatusStage                  text57       00169E
_USBCtrlEPService                           text29       0019FC
_USBCtrlEPServiceComplete                   text32       001232
_USBCtrlTrfInHandler                        text58       001324
_USBCtrlTrfOutHandler                       text55       001C1E
_USBCtrlTrfRxService                        text56       000BA4
_USBCtrlTrfSetupHandler                     text31       001B26
_USBCtrlTrfTxService                        text63       0015D2
_USBDeferINDataStagePackets                 bssCOMRAM    000047
_USBDeferOUTDataStagePackets                bssCOMRAM    000046
_USBDeferStatusStagePacket                  bssCOMRAM    00004A
_USBDeviceAttach                            text2        001E0E
_USBDeviceInit                              text1        00091A
_USBDeviceState                             bssCOMRAM    000052
_USBDeviceTasks                             text23       000CD8
_USBEnableEndpoint                          text53       001DD2
_USBHIDCBSetIdleRateHandler                 text49       0021F0
_USBHIDCBSetReportComplete                  text59       00223A
_USBHIDCBSetReportHandler                   text48       00214A
_USBIncrement1msInternalTimers              text28       00212C
_USBStallHandler                            text27       001D0E
_USBStatusStageEnabledFlag1                 bssCOMRAM    000049
_USBStatusStageEnabledFlag2                 bssCOMRAM    000048
_USBStatusStageTimeoutCounter               bssCOMRAM    00004B
_USBStdFeatureReqHandler                    text39       00069A
_USBStdGetDscHandler                        text38       000E08
_USBStdGetStatusHandler                     text37       00181E
_USBStdSetCfgHandler                        text35       0014F2
_USBSuspend                                 text26       001F64
_USBTicksSinceSuspendEnd                    bssCOMRAM    000045
_USBTransferOnePacket                       text12       000F36
_USBWakeFromSuspend                         text25       001E72
_USB_CD_Ptr                                 smallconst   000307
_USB_SD_Ptr                                 smallconst   000301
_USER_USB_CALLBACK_EVENT_HANDLER            text40       001964
_USTAT                                      (abs)        000F63
_USTATcopy                                  bssCOMRAM    000055
__CFG_BBSIZ$OFF                             (abs)        000000
__CFG_BOREN$OFF                             (abs)        000000
__CFG_BORV$30                               (abs)        000000
__CFG_CP0$OFF                               (abs)        000000
__CFG_CP1$OFF                               (abs)        000000
__CFG_CPB$OFF                               (abs)        000000
__CFG_CPUDIV$NOCLKDIV                       (abs)        000000
__CFG_DEBUG$OFF                             (abs)        000000
__CFG_EBTR0$OFF                             (abs)        000000
__CFG_EBTR1$OFF                             (abs)        000000
__CFG_EBTRB$OFF                             (abs)        000000
__CFG_FCMEN$OFF                             (abs)        000000
__CFG_FOSC$HS                               (abs)        000000
__CFG_HFOFST$OFF                            (abs)        000000
__CFG_IESO$OFF                              (abs)        000000
__CFG_LVP$OFF                               (abs)        000000
__CFG_MCLRE$OFF                             (abs)        000000
__CFG_PLLEN$ON                              (abs)        000000
__CFG_PWRTEN$OFF                            (abs)        000000
__CFG_STVREN$ON                             (abs)        000000
__CFG_USBDIV$OFF                            (abs)        000000
__CFG_WDTEN$OFF                             (abs)        000000
__CFG_WDTPS$32768                           (abs)        000000
__CFG_WRT0$OFF                              (abs)        000000
__CFG_WRT1$OFF                              (abs)        000000
__CFG_WRTB$OFF                              (abs)        000000
__CFG_WRTC$OFF                              (abs)        000000
__CFG_XINST$OFF                             (abs)        000000
__HRAM                                      (abs)        000000
__Habs1                                     abs1         000000
__Hbank0                                    bank0        000000
__Hbank1                                    bank1        000000
__Hbank2                                    bank2        000000
__Hbigbss                                   bigbss       000000
__Hbigdata                                  bigdata      000000
__Hbigram                                   bigram       000000
__Hbss                                      bss          000000
__HbssBANK0                                 bssBANK0     000000
__HbssCOMRAM                                bssCOMRAM    000000
__Hcinit                                    cinit        000000
__Hclrtext                                  clrtext      000000
__Hcomram                                   comram       000000
__Hconfig                                   config       30000E
__Hconst                                    const        000000
__HcstackBANK0                              cstackBANK0  000000
__HcstackCOMRAM                             cstackCOMRAM 000000
__Hdata                                     data         000000
__Heeprom_data                              eeprom_data  000000
__Hfarbss                                   farbss       000000
__Hfardata                                  fardata      000000
__Hibigdata                                 ibigdata     000000
__Hidata                                    idata        000000
__Hidloc                                    idloc        200008
__Hifardata                                 ifardata     000000
__Hinit                                     init         0000A6
__Hintcode                                  intcode      0000A2
__Hintcode_body                             intcode_body 000000
__Hintcodelo                                intcodelo    0000A2
__Hintentry                                 intentry     000000
__Hintret                                   intret       000000
__Hintsave_regs                             intsave_regs 000000
__Hirdata                                   irdata       000000
__Hmediumconst                              mediumconst  000000
__HnvFARRAM                                 nvFARRAM     000000
__Hnvbit                                    nvbit        000000
__Hnvrram                                   nvrram       000000
__Hparam                                    rparam       000000
__Hpowerup                                  powerup      0000A2
__Hram                                      ram          000000
__Hramtop                                   ramtop       000300
__Hrbit                                     rbit         000000
__Hrbss                                     rbss         000000
__Hrdata                                    rdata        000000
__Hreset_vec                                reset_vec    000004
__Hrparam                                   rparam       000000
__Hsfr                                      sfr          000000
__Hsmallconst                               smallconst   0003D8
__Hspace_0                                  (abs)        30000E
__Hspace_1                                  (abs)        00009B
__Hspace_2                                  (abs)        000000
__Hstack                                    stack        000000
__Hstruct                                   struct       000000
__Htemp                                     temp         000059
__Htext                                     text         000000
__Htext0                                    text0        000000
__Htext1                                    text1        000000
__Htext10                                   text10       000000
__Htext11                                   text11       000000
__Htext12                                   text12       000000
__Htext13                                   text13       000000
__Htext14                                   text14       000000
__Htext15                                   text15       000000
__Htext16                                   text16       000000
__Htext17                                   text17       000000
__Htext18                                   text18       000000
__Htext19                                   text19       000000
__Htext2                                    text2        000000
__Htext20                                   text20       000000
__Htext21                                   text21       000000
__Htext23                                   text23       000000
__Htext24                                   text24       000000
__Htext25                                   text25       000000
__Htext26                                   text26       000000
__Htext27                                   text27       000000
__Htext28                                   text28       000000
__Htext29                                   text29       000000
__Htext3                                    text3        000000
__Htext30                                   text30       000000
__Htext31                                   text31       000000
__Htext32                                   text32       000000
__Htext33                                   text33       000000
__Htext34                                   text34       000000
__Htext35                                   text35       000000
__Htext36                                   text36       000000
__Htext37                                   text37       000000
__Htext38                                   text38       000000
__Htext39                                   text39       000000
__Htext4                                    text4        000000
__Htext40                                   text40       000000
__Htext41                                   text41       000000
__Htext42                                   text42       000000
__Htext43                                   text43       000000
__Htext44                                   text44       000000
__Htext45                                   text45       000000
__Htext46                                   text46       000000
__Htext47                                   text47       000000
__Htext48                                   text48       000000
__Htext49                                   text49       000000
__Htext5                                    text5        000000
__Htext50                                   text50       000000
__Htext51                                   text51       000000
__Htext52                                   text52       000000
__Htext53                                   text53       000000
__Htext54                                   text54       000000
__Htext55                                   text55       000000
__Htext56                                   text56       000000
__Htext57                                   text57       000000
__Htext58                                   text58       000000
__Htext59                                   text59       000000
__Htext6                                    text6        000000
__Htext60                                   text60       000000
__Htext61                                   text61       000000
__Htext62                                   text62       000000
__Htext63                                   text63       000000
__Htext64                                   text64       000000
__Htext7                                    text7        000000
__Htext8                                    text8        000000
__Htext9                                    text9        000000
__LRAM                                      (abs)        000001
__Labs1                                     abs1         000000
__Lbank0                                    bank0        000000
__Lbank1                                    bank1        000000
__Lbank2                                    bank2        000000
__Lbigbss                                   bigbss       000000
__Lbigdata                                  bigdata      000000
__Lbigram                                   bigram       000000
__Lbss                                      bss          000000
__LbssBANK0                                 bssBANK0     000000
__LbssCOMRAM                                bssCOMRAM    000000
__Lcinit                                    cinit        000000
__Lclrtext                                  clrtext      000000
__Lcomram                                   comram       000000
__Lconfig                                   config       300000
__Lconst                                    const        000000
__LcstackBANK0                              cstackBANK0  000000
__LcstackCOMRAM                             cstackCOMRAM 000000
__Ldata                                     data         000000
__Leeprom_data                              eeprom_data  000000
__Lfarbss                                   farbss       000000
__Lfardata                                  fardata      000000
__Libigdata                                 ibigdata     000000
__Lidata                                    idata        000000
__Lidloc                                    idloc        200000
__Lifardata                                 ifardata     000000
__Linit                                     init         0000A2
__Lintcode                                  intcode      000008
__Lintcode_body                             intcode_body 000000
__Lintcodelo                                intcodelo    0000A2
__Lintentry                                 intentry     000000
__Lintret                                   intret       000000
__Lintsave_regs                             intsave_regs 000000
__Lirdata                                   irdata       000000
__Lmediumconst                              mediumconst  000000
__LnvFARRAM                                 nvFARRAM     000000
__Lnvbit                                    nvbit        000000
__Lnvrram                                   nvrram       000000
__Lparam                                    rparam       000000
__Lpowerup                                  powerup      0000A2
__Lram                                      ram          000000
__Lramtop                                   ramtop       000300
__Lrbit                                     rbit         000000
__Lrbss                                     rbss         000000
__Lrdata                                    rdata        000000
__Lreset_vec                                reset_vec    000000
__Lrparam                                   rparam       000000
__Lsfr                                      sfr          000000
__Lsmallconst                               smallconst   000300
__Lspace_0                                  (abs)        000000
__Lspace_1                                  (abs)        000000
__Lspace_2                                  (abs)        000000
__Lstack                                    stack        000000
__Lstruct                                   struct       000000
__Ltemp                                     temp         000058
__Ltext                                     text         000000
__Ltext0                                    text0        000000
__Ltext1                                    text1        000000
__Ltext10                                   text10       000000
__Ltext11                                   text11       000000
__Ltext12                                   text12       000000
__Ltext13                                   text13       000000
__Ltext14                                   text14       000000
__Ltext15                                   text15       000000
__Ltext16                                   text16       000000
__Ltext17                                   text17       000000
__Ltext18                                   text18       000000
__Ltext19                                   text19       000000
__Ltext2                                    text2        000000
__Ltext20                                   text20       000000
__Ltext21                                   text21       000000
__Ltext23                                   text23       000000
__Ltext24                                   text24       000000
__Ltext25                                   text25       000000
__Ltext26                                   text26       000000
__Ltext27                                   text27       000000
__Ltext28                                   text28       000000
__Ltext29                                   text29       000000
__Ltext3                                    text3        000000
__Ltext30                                   text30       000000
__Ltext31                                   text31       000000
__Ltext32                                   text32       000000
__Ltext33                                   text33       000000
__Ltext34                                   text34       000000
__Ltext35                                   text35       000000
__Ltext36                                   text36       000000
__Ltext37                                   text37       000000
__Ltext38                                   text38       000000
__Ltext39                                   text39       000000
__Ltext4                                    text4        000000
__Ltext40                                   text40       000000
__Ltext41                                   text41       000000
__Ltext42                                   text42       000000
__Ltext43                                   text43       000000
__Ltext44                                   text44       000000
__Ltext45                                   text45       000000
__Ltext46                                   text46       000000
__Ltext47                                   text47       000000
__Ltext48                                   text48       000000
__Ltext49                                   text49       000000
__Ltext5                                    text5        000000
__Ltext50                                   text50       000000
__Ltext51                                   text51       000000
__Ltext52                                   text52       000000
__Ltext53                                   text53       000000
__Ltext54                                   text54       000000
__Ltext55                                   text55       000000
__Ltext56                                   text56       000000
__Ltext57                                   text57       000000
__Ltext58                                   text58       000000
__Ltext59                                   text59       000000
__Ltext6                                    text6        000000
__Ltext60                                   text60       000000
__Ltext61                                   text61       000000
__Ltext62                                   text62       000000
__Ltext63                                   text63       000000
__Ltext64                                   text64       000000
__Ltext7                                    text7        000000
__Ltext8                                    text8        000000
__Ltext9                                    text9        000000
__S0                                        (abs)        30000E
__S1                                        (abs)        00009B
__S2                                        (abs)        000000
___inthi_sp                                 stack        000000
___intlo_sp                                 stack        000000
___param_bank                               (abs)        000000
___rparam_used                              (abs)        000001
___sp                                       stack        000000
__accesstop                                 (abs)        000060
__activetblptr                              (abs)        000002
__end_of_APP_KeyboardInit                   text51       001C1E
__end_of_APP_KeyboardProcessOutputReport    text19       00217E
__end_of_APP_KeyboardTasks                  text9        00069A
__end_of_APP_LEDUpdateUSBStatus             text50       00181E
__end_of_BUTTON_Enable1                     text8        0021F0
__end_of_BUTTON_Enable2                     text7        0021DE
__end_of_BUTTON_Enable3                     text6        0021CC
__end_of_BUTTON_Enable4                     text5        0021BA
__end_of_BUTTON_IsPressed1                  text18       0020E8
__end_of_BUTTON_IsPressed2                  text17       0020BE
__end_of_BUTTON_IsPressed3                  text16       002094
__end_of_BUTTON_IsPressed4                  text15       00206A
__end_of_InPut                              text13       001E72
__end_of_LED_Enable                         text4        001ED4
__end_of_LED_Off                            text21       001F64
__end_of_LED_On                             text20       001F34
__end_of_SYSTEM_Initialize                  text3        001CC6
__end_of_SYS_InterruptHigh                  intcode      0000A2
__end_of_USBCheckHIDRequest                 text47       001232
__end_of_USBCheckStdRequest                 text34       0014F2
__end_of_USBConfigureEndpoint               text54       001B26
__end_of_USBCtrlEPAllowDataStage            text33       001964
__end_of_USBCtrlEPAllowStatusStage          text57       001762
__end_of_USBCtrlEPService                   text29       001A92
__end_of_USBCtrlEPServiceComplete           text32       001324
__end_of_USBCtrlTrfInHandler                text58       001410
__end_of_USBCtrlTrfOutHandler               text55       001C7A
__end_of_USBCtrlTrfRxService                text56       000CD8
__end_of_USBCtrlTrfSetupHandler             text31       001BB6
__end_of_USBCtrlTrfTxService                text63       00169E
__end_of_USBDeviceAttach                    text2        001E40
__end_of_USBDeviceInit                      text1        000A60
__end_of_USBDeviceTasks                     text23       000E08
__end_of_USBEnableEndpoint                  text53       001E0E
__end_of_USBHIDCBSetIdleRateHandler         text49       002202
__end_of_USBHIDCBSetReportComplete          text59       002244
__end_of_USBHIDCBSetReportHandler           text48       002168
__end_of_USBIncrement1msInternalTimers      text28       00214A
__end_of_USBStallHandler                    text27       001D52
__end_of_USBStdFeatureReqHandler            text39       00091A
__end_of_USBStdGetDscHandler                text38       000F36
__end_of_USBStdGetStatusHandler             text37       0018C6
__end_of_USBStdSetCfgHandler                text35       0015D2
__end_of_USBSuspend                         text26       001F90
__end_of_USBTransferOnePacket               text12       00103C
__end_of_USBWakeFromSuspend                 text25       001EA4
__end_of_USB_CD_Ptr                         smallconst   000309
__end_of_USB_SD_Ptr                         smallconst   000307
__end_of_USER_USB_CALLBACK_EVENT_HANDLER    text40       0019FC
__end_of__initialization                    cinit        002100
__end_of_adConv                             text14       001DD2
__end_of_configDescriptor1                  smallconst   0003A5
__end_of_device_dsc                         smallconst   0003D3
__end_of_hid_rpt01                          smallconst   000348
__end_of_init                               text11       00212C
__end_of_main                               text0        0021A8
__end_of_memcpy                             text30       001D96
__end_of_memset                             text10       001F04
__end_of_sd000                              smallconst   0003D7
__end_of_sd001                              smallconst   00037C
__end_of_sd002                              smallconst   0003C1
__end_ofi2_APP_KeyboardProcessOutputReport  text60       002194
__end_ofi2_BUTTON_Enable1                   text46       00223A
__end_ofi2_BUTTON_Enable2                   text45       00222C
__end_ofi2_BUTTON_Enable3                   text44       00221E
__end_ofi2_BUTTON_Enable4                   text43       002210
__end_ofi2_LED_Enable                       text42       001FE8
__end_ofi2_LED_Off                          text62       002040
__end_ofi2_LED_On                           text61       002014
__end_ofi2_SYSTEM_Initialize                text41       001D0E
__end_ofi2_USBDeviceInit                    text24       000BA4
__end_ofi2_USBTransferOnePacket             text52       00113E
__end_ofi2_memset                           text36       001FBC
__initialization                            cinit        0020E8
__mediumconst                               mediumconst  000000
__pbssBANK0                                 bssBANK0     000060
__pbssCOMRAM                                bssCOMRAM    00002F
__pcinit                                    cinit        0020E8
__pcstackBANK0                              cstackBANK0  00008A
__pcstackCOMRAM                             cstackCOMRAM 000001
__pintcode                                  intcode      000008
__psmallconst                               smallconst   000300
__ptext0                                    text0        002194
__ptext1                                    text1        00091A
__ptext10                                   text10       001ED4
__ptext11                                   text11       00210E
__ptext12                                   text12       000F36
__ptext13                                   text13       001E40
__ptext14                                   text14       001D96
__ptext15                                   text15       002040
__ptext16                                   text16       00206A
__ptext17                                   text17       002094
__ptext18                                   text18       0020BE
__ptext19                                   text19       002168
__ptext2                                    text2        001E0E
__ptext20                                   text20       001F04
__ptext21                                   text21       001F34
__ptext23                                   text23       000CD8
__ptext24                                   text24       000A60
__ptext25                                   text25       001E72
__ptext26                                   text26       001F64
__ptext27                                   text27       001D0E
__ptext28                                   text28       00212C
__ptext29                                   text29       0019FC
__ptext3                                    text3        001C7A
__ptext30                                   text30       001D52
__ptext31                                   text31       001B26
__ptext32                                   text32       001232
__ptext33                                   text33       0018C6
__ptext34                                   text34       001410
__ptext35                                   text35       0014F2
__ptext36                                   text36       001F90
__ptext37                                   text37       00181E
__ptext38                                   text38       000E08
__ptext39                                   text39       00069A
__ptext4                                    text4        001EA4
__ptext40                                   text40       001964
__ptext41                                   text41       001CC6
__ptext42                                   text42       001FBC
__ptext43                                   text43       002202
__ptext44                                   text44       002210
__ptext45                                   text45       00221E
__ptext46                                   text46       00222C
__ptext47                                   text47       00113E
__ptext48                                   text48       00214A
__ptext49                                   text49       0021F0
__ptext5                                    text5        0021A8
__ptext50                                   text50       001762
__ptext51                                   text51       001BB6
__ptext52                                   text52       00103C
__ptext53                                   text53       001DD2
__ptext54                                   text54       001A92
__ptext55                                   text55       001C1E
__ptext56                                   text56       000BA4
__ptext57                                   text57       00169E
__ptext58                                   text58       001324
__ptext59                                   text59       00223A
__ptext6                                    text6        0021BA
__ptext60                                   text60       00217E
__ptext61                                   text61       001FE8
__ptext62                                   text62       002014
__ptext63                                   text63       0015D2
__ptext64                                   text64       000000
__ptext7                                    text7        0021CC
__ptext8                                    text8        0021DE
__ptext9                                    text9        0003D8
__ramtop                                    ramtop       000300
__size_of_APP_KeyboardInit                  (abs)        000000
__size_of_APP_KeyboardProcessOutputReport   (abs)        000000
__size_of_APP_KeyboardTasks                 (abs)        000000
__size_of_APP_LEDUpdateUSBStatus            (abs)        000000
__size_of_BUTTON_Enable1                    (abs)        000000
__size_of_BUTTON_Enable2                    (abs)        000000
__size_of_BUTTON_Enable3                    (abs)        000000
__size_of_BUTTON_Enable4                    (abs)        000000
__size_of_BUTTON_IsPressed1                 (abs)        000000
__size_of_BUTTON_IsPressed2                 (abs)        000000
__size_of_BUTTON_IsPressed3                 (abs)        000000
__size_of_BUTTON_IsPressed4                 (abs)        000000
__size_of_InPut                             (abs)        000000
__size_of_LED_Enable                        (abs)        000000
__size_of_LED_Off                           (abs)        000000
__size_of_LED_On                            (abs)        000000
__size_of_SYSTEM_Initialize                 (abs)        000000
__size_of_SYS_InterruptHigh                 (abs)        000000
__size_of_USBCheckHIDRequest                (abs)        000000
__size_of_USBCheckStdRequest                (abs)        000000
__size_of_USBConfigureEndpoint              (abs)        000000
__size_of_USBCtrlEPAllowDataStage           (abs)        000000
__size_of_USBCtrlEPAllowStatusStage         (abs)        000000
__size_of_USBCtrlEPService                  (abs)        000000
__size_of_USBCtrlEPServiceComplete          (abs)        000000
__size_of_USBCtrlTrfInHandler               (abs)        000000
__size_of_USBCtrlTrfOutHandler              (abs)        000000
__size_of_USBCtrlTrfRxService               (abs)        000000
__size_of_USBCtrlTrfSetupHandler            (abs)        000000
__size_of_USBCtrlTrfTxService               (abs)        000000
__size_of_USBDeviceAttach                   (abs)        000000
__size_of_USBDeviceInit                     (abs)        000000
__size_of_USBDeviceTasks                    (abs)        000000
__size_of_USBEnableEndpoint                 (abs)        000000
__size_of_USBHIDCBSetIdleRateHandler        (abs)        000000
__size_of_USBHIDCBSetReportComplete         (abs)        000000
__size_of_USBHIDCBSetReportHandler          (abs)        000000
__size_of_USBIncrement1msInternalTimers     (abs)        000000
__size_of_USBStallHandler                   (abs)        000000
__size_of_USBStdFeatureReqHandler           (abs)        000000
__size_of_USBStdGetDscHandler               (abs)        000000
__size_of_USBStdGetStatusHandler            (abs)        000000
__size_of_USBStdSetCfgHandler               (abs)        000000
__size_of_USBSuspend                        (abs)        000000
__size_of_USBTransferOnePacket              (abs)        000000
__size_of_USBWakeFromSuspend                (abs)        000000
__size_of_USER_USB_CALLBACK_EVENT_HANDLER   (abs)        000000
__size_of_adConv                            (abs)        000000
__size_of_init                              (abs)        000000
__size_of_main                              (abs)        000000
__size_of_memcpy                            (abs)        000000
__size_of_memset                            (abs)        000000
__size_ofi2_APP_KeyboardProcessOutputReport (abs)        000000
__size_ofi2_BUTTON_Enable1                  (abs)        000000
__size_ofi2_BUTTON_Enable2                  (abs)        000000
__size_ofi2_BUTTON_Enable3                  (abs)        000000
__size_ofi2_BUTTON_Enable4                  (abs)        000000
__size_ofi2_LED_Enable                      (abs)        000000
__size_ofi2_LED_Off                         (abs)        000000
__size_ofi2_LED_On                          (abs)        000000
__size_ofi2_SYSTEM_Initialize               (abs)        000000
__size_ofi2_USBDeviceInit                   (abs)        000000
__size_ofi2_USBTransferOnePacket            (abs)        000000
__size_ofi2_memset                          (abs)        000000
__smallconst                                smallconst   000300
_active_protocol                            bssCOMRAM    000053
_adConv                                     text14       001D96
_configDescriptor1                          smallconst   00037C
_controlTransferState                       bssCOMRAM    000050
_device_dsc                                 smallconst   0003C1
_endpoint_number                            bssCOMRAM    00004D
_ep_data_in                                 bssBANK0     000084
_ep_data_out                                bssBANK0     000082
_hid_rpt01                                  smallconst   000309
_idle_rate                                  bssCOMRAM    000054
_inPipes                                    bssBANK0     000070
_init                                       text11       00210E
_inputReport                                (abs)        000240
_keyboard                                   bssCOMRAM    00002F
_keyboardIdleRate                           bssBANK0     000080
_main                                       text0        002194
_memcpy                                     text30       001D52
_memset                                     text10       001ED4
_oldInputReport                             bssBANK0     000060
_outPipes                                   bssBANK0     000068
_outputReport                               (abs)        000248
_pBDTEntryEP0OutCurrent                     bssCOMRAM    000043
_pBDTEntryEP0OutNext                        bssCOMRAM    000041
_pBDTEntryIn                                bssBANK0     000076
_pBDTEntryOut                               bssBANK0     00007A
_pDst                                       bssCOMRAM    00003F
_sd000                                      smallconst   0003D3
_sd001                                      smallconst   000348
_sd002                                      smallconst   0003A5
_shortPacketStatus                          bssCOMRAM    000051
adConv@port                                 cstackBANK0  00008E
btemp                                       temp         000058
end_of_initialization                       cinit        002100
i2BUTTON_Enable1@button                     cstackCOMRAM 000001
i2BUTTON_Enable2@button                     cstackCOMRAM 000001
i2BUTTON_Enable3@button                     cstackCOMRAM 000001
i2BUTTON_Enable4@button                     cstackCOMRAM 000001
i2LED_Enable@led                            cstackCOMRAM 000001
i2LED_Off@led                               cstackCOMRAM 000001
i2LED_On@led                                cstackCOMRAM 000001
i2SYSTEM_Initialize@state                   cstackCOMRAM 000002
i2USBDeviceInit@i                           cstackCOMRAM 000009
i2USBTransferOnePacket@data                 cstackCOMRAM 000002
i2USBTransferOnePacket@dir                  cstackCOMRAM 000001
i2USBTransferOnePacket@ep                   cstackCOMRAM 000009
i2USBTransferOnePacket@handle               cstackCOMRAM 00000A
i2USBTransferOnePacket@len                  cstackCOMRAM 000004
i2_APP_KeyboardProcessOutputReport          text60       00217E
i2_BUTTON_Enable1                           text46       00222C
i2_BUTTON_Enable2                           text45       00221E
i2_BUTTON_Enable3                           text44       002210
i2_BUTTON_Enable4                           text43       002202
i2_LED_Enable                               text42       001FBC
i2_LED_Off                                  text62       002014
i2_LED_On                                   text61       001FE8
i2_SYSTEM_Initialize                        text41       001CC6
i2_USBDeviceInit                            text24       000A60
i2_USBTransferOnePacket                     text52       00103C
i2_memset                                   text36       001F90
i2memset@c                                  cstackCOMRAM 000003
i2memset@n                                  cstackCOMRAM 000005
i2memset@p                                  cstackCOMRAM 000007
i2memset@p1                                 cstackCOMRAM 000001
int$flags                                   temp         000058
intlevel0                                   text         000000
intlevel1                                   text         000000
intlevel2                                   text         000000
intlevel3                                   text         000000
memcpy@d                                    cstackCOMRAM 000007
memcpy@d1                                   cstackCOMRAM 000001
memcpy@n                                    cstackCOMRAM 000005
memcpy@s                                    cstackCOMRAM 000009
memcpy@s1                                   cstackCOMRAM 000003
memcpy@tmp                                  cstackCOMRAM 00000B
memset@c                                    cstackBANK0  00008C
memset@n                                    cstackBANK0  00008E
memset@p                                    cstackBANK0  000090
memset@p1                                   cstackBANK0  00008A
stackhi                                     (abs)        0001FF
stacklo                                     (abs)        00009B
start                                       init         0000A2
start_initialization                        cinit        0020E8
wtemp6                                      temp         000059


FUNCTION INFORMATION:

 *************** function _main *****************
 Defined at:
		line 38 in file "../demo_src/main.c"
 Parameters:    Size  Location     Type
		None
 Auto vars:     Size  Location     Type
		None
 Return value:  Size  Location     Type
                  2  625[None  ] int 
 Registers used:
		wreg, fsr1l, fsr1h, fsr2l, fsr2h, status,2, status,0, prodl, prodh, cstack
 Tracked objects:
		On entry : 
		On exit  : 
		Unchanged: 
 Data sizes:     COMRAM   BANK0   BANK1  BANK2h  BANK2l
      Params:         0       0       0       0       0
      Locals:         0       0       0       0       0
      Temps:          0       0       0       0       0
      Totals:         0       0       0       0       0
Total ram usage:        0 bytes
 Hardware stack levels required when called:   13
 This function calls:
		_APP_KeyboardTasks
		_SYSTEM_Initialize
		_USBDeviceAttach
		_USBDeviceInit
 This function is called by:
		Startup code after reset
 This function uses a non-reentrant model


 *************** function _USBDeviceInit *****************
 Defined at:
		line 277 in file "../../../../../../framework/usb/src/usb_device.c"
 Parameters:    Size  Location     Type
		None
 Auto vars:     Size  Location     Type
  i               1    8[BANK0 ] unsigned char 
 Return value:  Size  Location     Type
                  1    wreg      void 
 Registers used:
		wreg, fsr2l, fsr2h, status,2, status,0, prodl, prodh, cstack
 Tracked objects:
		On entry : 
		On exit  : 
		Unchanged: 
 Data sizes:     COMRAM   BANK0   BANK1  BANK2h  BANK2l
      Params:         0       0       0       0       0
      Locals:         0       1       0       0       0
      Temps:          0       0       0       0       0
      Totals:         0       1       0       0       0
Total ram usage:        1 bytes
 Hardware stack levels used:    1
 Hardware stack levels required when called:   11
 This function calls:
		_memset
 This function is called by:
		_main
 This function uses a non-reentrant model


 *************** function _USBDeviceAttach *****************
 Defined at:
		line 1352 in file "../../../../../../framework/usb/src/usb_device.c"
 Parameters:    Size  Location     Type
		None
 Auto vars:     Size  Location     Type
		None
 Return value:  Size  Location     Type
                  1    wreg      void 
 Registers used:
		wreg, status,2
 Tracked objects:
		On entry : 
		On exit  : 
		Unchanged: 
 Data sizes:     COMRAM   BANK0   BANK1  BANK2h  BANK2l
      Params:         0       0       0       0       0
      Locals:         0       0       0       0       0
      Temps:          0       0       0       0       0
      Totals:         0       0       0       0       0
Total ram usage:        0 bytes
 Hardware stack levels used:    1
 Hardware stack levels required when called:   10
 This function calls:
		Nothing
 This function is called by:
		_main
 This function uses a non-reentrant model


 *************** function _SYSTEM_Initialize *****************
 Defined at:
		line 67 in file "system.c"
 Parameters:    Size  Location     Type
  state           1    wreg     enum E3563
 Auto vars:     Size  Location     Type
  state           1    1[BANK0 ] enum E3563
 Return value:  Size  Location     Type
                  1    wreg      void 
 Registers used:
		wreg, status,2, status,0, cstack
 Tracked objects:
		On entry : 
		On exit  : 
		Unchanged: 
 Data sizes:     COMRAM   BANK0   BANK1  BANK2h  BANK2l
      Params:         0       0       0       0       0
      Locals:         0       1       0       0       0
      Temps:          0       0       0       0       0
      Totals:         0       1       0       0       0
Total ram usage:        1 bytes
 Hardware stack levels used:    1
 Hardware stack levels required when called:   11
 This function calls:
		_BUTTON_Enable1
		_BUTTON_Enable2
		_BUTTON_Enable3
		_BUTTON_Enable4
		_LED_Enable
 This function is called by:
		_main
 This function uses a non-reentrant model


 *************** function _LED_Enable *****************
 Defined at:
		line 212 in file "../../../../../../bsp/low_pin_count_usb_development_kit/pic18f14k50/leds.c"
 Parameters:    Size  Location     Type
  led             1    wreg     enum E2
 Auto vars:     Size  Location     Type
  led             1    0[BANK0 ] enum E2
 Return value:  Size  Location     Type
                  1    wreg      void 
 Registers used:
		wreg, status,2, status,0
 Tracked objects:
		On entry : 
		On exit  : 
		Unchanged: 
 Data sizes:     COMRAM   BANK0   BANK1  BANK2h  BANK2l
      Params:         0       0       0       0       0
      Locals:         0       1       0       0       0
      Temps:          0       0       0       0       0
      Totals:         0       1       0       0       0
Total ram usage:        1 bytes
 Hardware stack levels used:    1
 Hardware stack levels required when called:   10
 This function calls:
		Nothing
 This function is called by:
		_SYSTEM_Initialize
 This function uses a non-reentrant model


 *************** function _BUTTON_Enable4 *****************
 Defined at:
		line 171 in file "../../../../../../bsp/low_pin_count_usb_development_kit/pic18f14k50/buttons.c"
 Parameters:    Size  Location     Type
  button          1    wreg     enum E3304
 Auto vars:     Size  Location     Type
  button          1    0[BANK0 ] enum E3304
 Return value:  Size  Location     Type
                  1    wreg      void 
 Registers used:
		wreg, status,2, status,0
 Tracked objects:
		On entry : 
		On exit  : 
		Unchanged: 
 Data sizes:     COMRAM   BANK0   BANK1  BANK2h  BANK2l
      Params:         0       0       0       0       0
      Locals:         0       1       0       0       0
      Temps:          0       0       0       0       0
      Totals:         0       1       0       0       0
Total ram usage:        1 bytes
 Hardware stack levels used:    1
 Hardware stack levels required when called:   10
 This function calls:
		Nothing
 This function is called by:
		_SYSTEM_Initialize
 This function uses a non-reentrant model


 *************** function _BUTTON_Enable3 *****************
 Defined at:
		line 159 in file "../../../../../../bsp/low_pin_count_usb_development_kit/pic18f14k50/buttons.c"
 Parameters:    Size  Location     Type
  button          1    wreg     enum E3304
 Auto vars:     Size  Location     Type
  button          1    0[BANK0 ] enum E3304
 Return value:  Size  Location     Type
                  1    wreg      void 
 Registers used:
		wreg, status,2, status,0
 Tracked objects:
		On entry : 
		On exit  : 
		Unchanged: 
 Data sizes:     COMRAM   BANK0   BANK1  BANK2h  BANK2l
      Params:         0       0       0       0       0
      Locals:         0       1       0       0       0
      Temps:          0       0       0       0       0
      Totals:         0       1       0       0       0
Total ram usage:        1 bytes
 Hardware stack levels used:    1
 Hardware stack levels required when called:   10
 This function calls:
		Nothing
 This function is called by:
		_SYSTEM_Initialize
 This function uses a non-reentrant model


 *************** function _BUTTON_Enable2 *****************
 Defined at:
		line 147 in file "../../../../../../bsp/low_pin_count_usb_development_kit/pic18f14k50/buttons.c"
 Parameters:    Size  Location     Type
  button          1    wreg     enum E3304
 Auto vars:     Size  Location     Type
  button          1    0[BANK0 ] enum E3304
 Return value:  Size  Location     Type
                  1    wreg      void 
 Registers used:
		wreg, status,2, status,0
 Tracked objects:
		On entry : 
		On exit  : 
		Unchanged: 
 Data sizes:     COMRAM   BANK0   BANK1  BANK2h  BANK2l
      Params:         0       0       0       0       0
      Locals:         0       1       0       0       0
      Temps:          0       0       0       0       0
      Totals:         0       1       0       0       0
Total ram usage:        1 bytes
 Hardware stack levels used:    1
 Hardware stack levels required when called:   10
 This function calls:
		Nothing
 This function is called by:
		_SYSTEM_Initialize
 This function uses a non-reentrant model


 *************** function _BUTTON_Enable1 *****************
 Defined at:
		line 135 in file "../../../../../../bsp/low_pin_count_usb_development_kit/pic18f14k50/buttons.c"
 Parameters:    Size  Location     Type
  button          1    wreg     enum E3304
 Auto vars:     Size  Location     Type
  button          1    0[BANK0 ] enum E3304
 Return value:  Size  Location     Type
                  1    wreg      void 
 Registers used:
		wreg, status,2, status,0
 Tracked objects:
		On entry : 
		On exit  : 
		Unchanged: 
 Data sizes:     COMRAM   BANK0   BANK1  BANK2h  BANK2l
      Params:         0       0       0       0       0
      Locals:         0       1       0       0       0
      Temps:          0       0       0       0       0
      Totals:         0       1       0       0       0
Total ram usage:        1 bytes
 Hardware stack levels used:    1
 Hardware stack levels required when called:   10
 This function calls:
		Nothing
 This function is called by:
		_SYSTEM_Initialize
 This function uses a non-reentrant model


 *************** function _APP_KeyboardTasks *****************
 Defined at:
		line 380 in file "../demo_src/app_device_keyboard.c"
 Parameters:    Size  Location     Type
		None
 Auto vars:     Size  Location     Type
  TimeDeltaMil    2   14[BANK0 ] int 
  i               1   16[BANK0 ] unsigned char 
  needToSendNe    1   13[BANK0 ] unsigned char 
 Return value:  Size  Location     Type
                  1    wreg      void 
 Registers used:
		wreg, fsr1l, fsr1h, fsr2l, fsr2h, status,2, status,0, prodl, prodh, cstack
 Tracked objects:
		On entry : 
		On exit  : 
		Unchanged: 
 Data sizes:     COMRAM   BANK0   BANK1  BANK2h  BANK2l
      Params:         0       0       0       0       0
      Locals:         0       4       0       0       0
      Temps:          0       2       0       0       0
      Totals:         0       6       0       0       0
Total ram usage:        6 bytes
 Hardware stack levels used:    1
 Hardware stack levels required when called:   12
 This function calls:
		_APP_KeyboardProcessOutputReport
		_BUTTON_IsPressed1
		_BUTTON_IsPressed2
		_BUTTON_IsPressed3
		_BUTTON_IsPressed4
		_InPut
		_USBTransferOnePacket
		_init
		_memset
 This function is called by:
		_main
 This function uses a non-reentrant model


 *************** function _memset *****************
 Defined at:
		line 8 in file "C:\Program Files (x86)\Microchip\xc8\v1.45\sources\common\memset.c"
 Parameters:    Size  Location     Type
  p1              2    0[BANK0 ] PTR void 
		 -> inputReport(8), USBAlternateInterface(1), BDT(32), UEP1(1), 
  c               2    2[BANK0 ] int 
  n               2    4[BANK0 ] unsigned int 
 Auto vars:     Size  Location     Type
  p               2    6[BANK0 ] PTR unsigned char 
		 -> inputReport(8), USBAlternateInterface(1), BDT(32), UEP1(1), 
 Return value:  Size  Location     Type
                  2    0[BANK0 ] PTR void 
 Registers used:
		wreg, fsr2l, fsr2h, status,2, status,0
 Tracked objects:
		On entry : 
		On exit  : 
		Unchanged: 
 Data sizes:     COMRAM   BANK0   BANK1  BANK2h  BANK2l
      Params:         0       6       0       0       0
      Locals:         0       2       0       0       0
      Temps:          0       0       0       0       0
      Totals:         0       8       0       0       0
Total ram usage:        8 bytes
 Hardware stack levels used:    1
 Hardware stack levels required when called:   10
 This function calls:
		Nothing
 This function is called by:
		_USBDeviceInit
		_APP_KeyboardTasks
 This function uses a non-reentrant model


 *************** function _init *****************
 Defined at:
		line 334 in file "../demo_src/app_device_keyboard.c"
 Parameters:    Size  Location     Type
		None
 Auto vars:     Size  Location     Type
		None
 Return value:  Size  Location     Type
                  1    wreg      void 
 Registers used:
		wreg, status,2
 Tracked objects:
		On entry : 
		On exit  : 
		Unchanged: 
 Data sizes:     COMRAM   BANK0   BANK1  BANK2h  BANK2l
      Params:         0       0       0       0       0
      Locals:         0       0       0       0       0
      Temps:          0       0       0       0       0
      Totals:         0       0       0       0       0
Total ram usage:        0 bytes
 Hardware stack levels used:    1
 Hardware stack levels required when called:   10
 This function calls:
		Nothing
 This function is called by:
		_APP_KeyboardTasks
 This function uses a non-reentrant model


 *************** function _USBTransferOnePacket *****************
 Defined at:
		line 995 in file "../../../../../../framework/usb/src/usb_device.c"
 Parameters:    Size  Location     Type
  ep              1    wreg     unsigned char 
  dir             1    0[BANK0 ] unsigned char 
  data            2    1[BANK0 ] PTR unsigned char 
		 -> inputReport(8), outputReport(1), 
  len             1    3[BANK0 ] unsigned char 
 Auto vars:     Size  Location     Type
  ep              1    8[BANK0 ] unsigned char 
  handle          2    9[BANK0 ] PTR volatile struct __BD
		 -> RAM(767), NULL(0), BDT(32), 
 Return value:  Size  Location     Type
                  2    0[BANK0 ] PTR void 
 Registers used:
		wreg, fsr2l, fsr2h, status,2, status,0, prodl, prodh
 Tracked objects:
		On entry : 
		On exit  : 
		Unchanged: 
 Data sizes:     COMRAM   BANK0   BANK1  BANK2h  BANK2l
      Params:         0       4       0       0       0
      Locals:         0       3       0       0       0
      Temps:          0       4       0       0       0
      Totals:         0      11       0       0       0
Total ram usage:       11 bytes
 Hardware stack levels used:    1
 Hardware stack levels required when called:   10
 This function calls:
		Nothing
 This function is called by:
		_APP_KeyboardTasks
 This function uses a non-reentrant model


 *************** function _InPut *****************
 Defined at:
		line 328 in file "../demo_src/app_device_keyboard.c"
 Parameters:    Size  Location     Type
  joyUD           2    5[BANK0 ] PTR unsigned int 
		 -> APP_KeyboardTasks@joyUD(2), 
  joyLR           2    7[BANK0 ] PTR unsigned int 
		 -> APP_KeyboardTasks@joyLR(2), 
 Auto vars:     Size  Location     Type
		None
 Return value:  Size  Location     Type
                  1    wreg      void 
 Registers used:
		wreg, fsr2l, fsr2h, status,2, status,0, cstack
 Tracked objects:
		On entry : 
		On exit  : 
		Unchanged: 
 Data sizes:     COMRAM   BANK0   BANK1  BANK2h  BANK2l
      Params:         0       4       0       0       0
      Locals:         0       0       0       0       0
      Temps:          0       0       0       0       0
      Totals:         0       4       0       0       0
Total ram usage:        4 bytes
 Hardware stack levels used:    1
 Hardware stack levels required when called:   11
 This function calls:
		_adConv
 This function is called by:
		_APP_KeyboardTasks
 This function uses a non-reentrant model


 *************** function _adConv *****************
 Defined at:
		line 314 in file "../demo_src/app_device_keyboard.c"
 Parameters:    Size  Location     Type
[...]
		line 49 in file "../demo_src/app_led_usb_status.c"
 Parameters:    Size  Location     Type
		None
 Auto vars:     Size  Location     Type
		None
 Return value:  Size  Location     Type
                  1    wreg      void 
 Registers used:
		wreg, status,2, status,0, cstack
 Tracked objects:
		On entry : 
		On exit  : 
		Unchanged: 
 Data sizes:     COMRAM   BANK0   BANK1  BANK2h  BANK2l
      Params:         0       0       0       0       0
      Locals:         0       0       0       0       0
      Temps:          0       0       0       0       0
      Totals:         0       0       0       0       0
Total ram usage:        0 bytes
 Hardware stack levels used:    1
 Hardware stack levels required when called:    1
 This function calls:
		i2_LED_Off
		i2_LED_On
 This function is called by:
		_USER_USB_CALLBACK_EVENT_HANDLER
 This function uses a non-reentrant model


 *************** function _APP_KeyboardInit *****************
 Defined at:
		line 346 in file "../demo_src/app_device_keyboard.c"
 Parameters:    Size  Location     Type
		None
 Auto vars:     Size  Location     Type
		None
 Return value:  Size  Location     Type
                  1    wreg      void 
 Registers used:
		wreg, fsr2l, fsr2h, status,2, status,0, prodl, prodh, cstack
 Tracked objects:
		On entry : 
		On exit  : 
		Unchanged: 
 Data sizes:     COMRAM   BANK0   BANK1  BANK2h  BANK2l
      Params:         0       0       0       0       0
      Locals:         0       0       0       0       0
      Temps:          0       0       0       0       0
      Totals:         0       0       0       0       0
Total ram usage:        0 bytes
 Hardware stack levels used:    1
 Hardware stack levels required when called:    2
 This function calls:
		_USBEnableEndpoint
		i2_USBTransferOnePacket
 This function is called by:
		_USER_USB_CALLBACK_EVENT_HANDLER
 This function uses a non-reentrant model


 *************** function i2_USBTransferOnePacket *****************
 Defined at:
		line 995 in file "../../../../../../framework/usb/src/usb_device.c"
 Parameters:    Size  Location     Type
  ep              1    wreg     unsigned char 
  dir             1    0[COMRAM] unsigned char 
  data            2    1[COMRAM] PTR unsigned char 
		 -> inputReport(8), outputReport(1), 
  len             1    3[COMRAM] unsigned char 
 Auto vars:     Size  Location     Type
  ep              1    8[COMRAM] unsigned char 
  USBTransferO    2    9[COMRAM] PTR volatile struct __BD
		 -> RAM(767), NULL(0), BDT(32), 
 Return value:  Size  Location     Type
                  2    0[COMRAM] PTR void 
 Registers used:
		wreg, fsr2l, fsr2h, status,2, status,0, prodl, prodh
 Tracked objects:
		On entry : 
		On exit  : 
		Unchanged: 
 Data sizes:     COMRAM   BANK0   BANK1  BANK2h  BANK2l
      Params:         4       0       0       0       0
      Locals:         3       0       0       0       0
      Temps:          4       0       0       0       0
      Totals:        11       0       0       0       0
Total ram usage:       11 bytes
 Hardware stack levels used:    1
 This function calls:
		Nothing
 This function is called by:
		_APP_KeyboardInit
 This function uses a non-reentrant model


 *************** function _USBEnableEndpoint *****************
 Defined at:
		line 878 in file "../../../../../../framework/usb/src/usb_device.c"
 Parameters:    Size  Location     Type
  ep              1    wreg     unsigned char 
  options         1    8[COMRAM] unsigned char 
 Auto vars:     Size  Location     Type
  ep              1   11[COMRAM] unsigned char 
  p               2    9[COMRAM] PTR unsigned char 
		 -> UEP0(1), 
 Return value:  Size  Location     Type
                  1    wreg      void 
 Registers used:
		wreg, fsr2l, fsr2h, status,2, status,0, prodl, prodh, cstack
 Tracked objects:
		On entry : 
		On exit  : 
		Unchanged: 
 Data sizes:     COMRAM   BANK0   BANK1  BANK2h  BANK2l
      Params:         1       0       0       0       0
      Locals:         3       0       0       0       0
      Temps:          0       0       0       0       0
      Totals:         4       0       0       0       0
Total ram usage:        4 bytes
 Hardware stack levels used:    1
 Hardware stack levels required when called:    1
 This function calls:
		_USBConfigureEndpoint
 This function is called by:
		_APP_KeyboardInit
 This function uses a non-reentrant model


 *************** function _USBConfigureEndpoint *****************
 Defined at:
		line 1543 in file "../../../../../../framework/usb/src/usb_device.c"
 Parameters:    Size  Location     Type
  EPNum           1    wreg     unsigned char 
  direction       1    0[COMRAM] unsigned char 
 Auto vars:     Size  Location     Type
  EPNum           1    5[COMRAM] unsigned char 
  handle          2    6[COMRAM] PTR volatile struct __BD
		 -> BDT(32), 
 Return value:  Size  Location     Type
                  1    wreg      void 
 Registers used:
		wreg, fsr2l, fsr2h, status,2, status,0, prodl, prodh
 Tracked objects:
		On entry : 
		On exit  : 
		Unchanged: 
 Data sizes:     COMRAM   BANK0   BANK1  BANK2h  BANK2l
      Params:         1       0       0       0       0
      Locals:         3       0       0       0       0
      Temps:          4       0       0       0       0
      Totals:         8       0       0       0       0
Total ram usage:        8 bytes
 Hardware stack levels used:    1
 This function calls:
		Nothing
 This function is called by:
		_USBEnableEndpoint
 This function uses a non-reentrant model


 *************** function _USBCtrlTrfOutHandler *****************
 Defined at:
		line 2538 in file "../../../../../../framework/usb/src/usb_device.c"
 Parameters:    Size  Location     Type
		None
 Auto vars:     Size  Location     Type
		None
 Return value:  Size  Location     Type
                  1    wreg      void 
 Registers used:
		wreg, fsr1l, fsr1h, fsr2l, fsr2h, status,2, status,0, pclath, tosl, prodl, prodh, cstack
 Tracked objects:
		On entry : 
		On exit  : 
		Unchanged: 
 Data sizes:     COMRAM   BANK0   BANK1  BANK2h  BANK2l
      Params:         0       0       0       0       0
      Locals:         0       0       0       0       0
      Temps:          0       0       0       0       0
      Totals:         0       0       0       0       0
Total ram usage:        0 bytes
 Hardware stack levels used:    1
 Hardware stack levels required when called:    4
 This function calls:
		_USBCtrlTrfRxService
 This function is called by:
		_USBCtrlEPService
 This function uses a non-reentrant model


 *************** function _USBCtrlTrfRxService *****************
 Defined at:
		line 1852 in file "../../../../../../framework/usb/src/usb_device.c"
 Parameters:    Size  Location     Type
		None
 Auto vars:     Size  Location     Type
  byteToRead      1    2[COMRAM] unsigned char 
  i               1    1[COMRAM] unsigned char 
 Return value:  Size  Location     Type
                  1    wreg      void 
 Registers used:
		wreg, fsr1l, fsr1h, fsr2l, fsr2h, status,2, status,0, pclath, tosl, prodl, prodh, cstack
 Tracked objects:
		On entry : 
		On exit  : 
		Unchanged: 
 Data sizes:     COMRAM   BANK0   BANK1  BANK2h  BANK2l
      Params:         0       0       0       0       0
      Locals:         2       0       0       0       0
      Temps:          0       0       0       0       0
      Totals:         2       0       0       0       0
Total ram usage:        2 bytes
 Hardware stack levels used:    1
 Hardware stack levels required when called:    3
 This function calls:
		_USBCtrlEPAllowStatusStage
		_USBHIDCBSetReportComplete
 This function is called by:
		_USBCtrlTrfOutHandler
 This function uses a non-reentrant model


 *************** function _USBCtrlEPAllowStatusStage *****************
 Defined at:
		line 1416 in file "../../../../../../framework/usb/src/usb_device.c"
 Parameters:    Size  Location     Type
		None
 Auto vars:     Size  Location     Type
		None
 Return value:  Size  Location     Type
                  1    wreg      void 
 Registers used:
		wreg, fsr2l, fsr2h, status,2, status,0
 Tracked objects:
		On entry : 
		On exit  : 
		Unchanged: 
 Data sizes:     COMRAM   BANK0   BANK1  BANK2h  BANK2l
      Params:         0       0       0       0       0
      Locals:         0       0       0       0       0
      Temps:          0       0       0       0       0
      Totals:         0       0       0       0       0
Total ram usage:        0 bytes
 Hardware stack levels used:    1
 This function calls:
		Nothing
 This function is called by:
		_USBDeviceTasks
		_USBCtrlEPServiceComplete
		_USBCtrlTrfRxService
 This function uses a non-reentrant model


 *************** function _USBCtrlTrfInHandler *****************
 Defined at:
		line 2592 in file "../../../../../../framework/usb/src/usb_device.c"
 Parameters:    Size  Location     Type
		None
 Auto vars:     Size  Location     Type
  lastDTS         1    1[COMRAM] unsigned char 
 Return value:  Size  Location     Type
                  1    wreg      void 
 Registers used:
		wreg, fsr1l, fsr1h, fsr2l, fsr2h, status,2, status,0, pclath, tosl, tblptrl, tblptrh, tblptru, cstack
 Tracked objects:
		On entry : 
		On exit  : 
		Unchanged: 
 Data sizes:     COMRAM   BANK0   BANK1  BANK2h  BANK2l
      Params:         0       0       0       0       0
      Locals:         1       0       0       0       0
      Temps:          0       0       0       0       0
      Totals:         1       0       0       0       0
Total ram usage:        1 bytes
 Hardware stack levels used:    1
 Hardware stack levels required when called:    3
 This function calls:
		_USBCtrlTrfTxService
		_USBHIDCBSetReportComplete
 This function is called by:
		_USBCtrlEPService
 This function uses a non-reentrant model


 *************** function _USBHIDCBSetReportComplete *****************
 Defined at:
		line 648 in file "../demo_src/app_device_keyboard.c"
 Parameters:    Size  Location     Type
		None
 Auto vars:     Size  Location     Type
		None
 Return value:  Size  Location     Type
                  1    wreg      void 
 Registers used:
		wreg, status,2, status,0, cstack
 Tracked objects:
		On entry : 
		On exit  : 
		Unchanged: 
 Data sizes:     COMRAM   BANK0   BANK1  BANK2h  BANK2l
      Params:         0       0       0       0       0
      Locals:         0       0       0       0       0
      Temps:          0       0       0       0       0
      Totals:         0       0       0       0       0
Total ram usage:        0 bytes
 Hardware stack levels used:    1
 Hardware stack levels required when called:    2
 This function calls:
		i2_APP_KeyboardProcessOutputReport
 This function is called by:
		_USBHIDCBSetReportHandler
		_USBCtrlTrfRxService
		_USBCtrlTrfInHandler
 This function uses a non-reentrant model


 *************** function i2_APP_KeyboardProcessOutputReport *****************
 Defined at:
		line 636 in file "../demo_src/app_device_keyboard.c"
 Parameters:    Size  Location     Type
		None
 Auto vars:     Size  Location     Type
		None
 Return value:  Size  Location     Type
                  1    wreg      void 
 Registers used:
		wreg, status,2, status,0, cstack
 Tracked objects:
		On entry : 
		On exit  : 
		Unchanged: 
 Data sizes:     COMRAM   BANK0   BANK1  BANK2h  BANK2l
      Params:         0       0       0       0       0
      Locals:         0       0       0       0       0
      Temps:          0       0       0       0       0
      Totals:         0       0       0       0       0
Total ram usage:        0 bytes
 Hardware stack levels used:    1
 Hardware stack levels required when called:    1
 This function calls:
		i2_LED_Off
		i2_LED_On
 This function is called by:
		_USBHIDCBSetReportComplete
 This function uses a non-reentrant model


 *************** function i2_LED_On *****************
 Defined at:
		line 59 in file "../../../../../../bsp/low_pin_count_usb_development_kit/pic18f14k50/leds.c"
 Parameters:    Size  Location     Type
  led             1    wreg     enum E2
 Auto vars:     Size  Location     Type
  led             1    0[COMRAM] enum E2
 Return value:  Size  Location     Type
                  1    wreg      void 
 Registers used:
		wreg, status,2, status,0
 Tracked objects:
		On entry : 
		On exit  : 
		Unchanged: 
 Data sizes:     COMRAM   BANK0   BANK1  BANK2h  BANK2l
      Params:         0       0       0       0       0
      Locals:         1       0       0       0       0
      Temps:          0       0       0       0       0
      Totals:         1       0       0       0       0
Total ram usage:        1 bytes
 Hardware stack levels used:    1
 This function calls:
		Nothing
 This function is called by:
		_APP_LEDUpdateUSBStatus
		i2_APP_KeyboardProcessOutputReport
 This function uses a non-reentrant model


 *************** function i2_LED_Off *****************
 Defined at:
		line 98 in file "../../../../../../bsp/low_pin_count_usb_development_kit/pic18f14k50/leds.c"
 Parameters:    Size  Location     Type
  led             1    wreg     enum E2
 Auto vars:     Size  Location     Type
  led             1    0[COMRAM] enum E2
 Return value:  Size  Location     Type
                  1    wreg      void 
 Registers used:
		wreg, status,2, status,0
 Tracked objects:
		On entry : 
		On exit  : 
		Unchanged: 
 Data sizes:     COMRAM   BANK0   BANK1  BANK2h  BANK2l
      Params:         0       0       0       0       0
      Locals:         1       0       0       0       0
      Temps:          0       0       0       0       0
      Totals:         1       0       0       0       0
Total ram usage:        1 bytes
 Hardware stack levels used:    1
 This function calls:
		Nothing
 This function is called by:
		_APP_LEDUpdateUSBStatus
		i2_APP_KeyboardProcessOutputReport
 This function uses a non-reentrant model


 *************** function _USBCtrlTrfTxService *****************
 Defined at:
		line 1771 in file "../../../../../../framework/usb/src/usb_device.c"
 Parameters:    Size  Location     Type
		None
 Auto vars:     Size  Location     Type
  byteToSend      1    0[COMRAM] unsigned char 
 Return value:  Size  Location     Type
                  1    wreg      void 
 Registers used:
		wreg, fsr1l, fsr1h, fsr2l, fsr2h, status,2, status,0, tblptrl, tblptrh, tblptru
 Tracked objects:
		On entry : 
		On exit  : 
		Unchanged: 
 Data sizes:     COMRAM   BANK0   BANK1  BANK2h  BANK2l
      Params:         0       0       0       0       0
      Locals:         1       0       0       0       0
      Temps:          0       0       0       0       0
      Totals:         1       0       0       0       0
Total ram usage:        1 bytes
 Hardware stack levels used:    1
 This function calls:
		Nothing
 This function is called by:
		_USBCtrlEPAllowDataStage
		_USBCtrlTrfInHandler
 This function uses a non-reentrant model



MODULE INFORMATION

Module		Function		Class		Link	Load	Size
../demo_src/usb_events.c
		_USER_USB_CALLBACK_EVENT_HANDLER		CODE           	1964	0000	153

../demo_src/usb_events.c estimated size: 153

C:\Program Files (x86)\Microchip\xc8\v1.45\sources\common\memcpy.c
		_memcpy        		CODE           	1D52	0000	69

C:\Program Files (x86)\Microchip\xc8\v1.45\sources\common\memcpy.c estimated size: 69

../../../../../../framework/usb/src/usb_device.c
		_USBCtrlTrfInHandler		CODE           	1324	0000	237
		_USBTransferOnePacket		CODE           	0F36	0000	263
		_USBDeviceAttach		CODE           	1E0E	0000	51
		_USBStdGetDscHandler		CODE           	0E08	0000	303
		_USBCtrlEPAllowDataStage		CODE           	18C6	0000	159
		_USBStdFeatureReqHandler		CODE           	069A	0000	641
		_USBCtrlEPAllowStatusStage		CODE           	169E	0000	197
		_USBCtrlTrfSetupHandler		CODE           	1B26	0000	145
		_USBCtrlTrfOutHandler		CODE           	1C1E	0000	93
		_USBCtrlEPServiceComplete		CODE           	1232	0000	243
		_USBSuspend    		CODE           	1F64	0000	45
		_USBStdSetCfgHandler		CODE           	14F2	0000	225
		_USBStdGetStatusHandler		CODE           	181E	0000	169
		_USBWakeFromSuspend		CODE           	1E72	0000	51
		_USBCtrlTrfRxService		CODE           	0BA4	0000	309
		_USBCtrlTrfTxService		CODE           	15D2	0000	205
		_USBEnableEndpoint		CODE           	1DD2	0000	61
		_USBConfigureEndpoint		CODE           	1A92	0000	149
		_USBDeviceInit 		CODE           	091A	0000	327
		_USBIncrement1msInternalTimers		CODE           	212C	0000	31
		_USBCtrlEPService		CODE           	19FC	0000	151
		_USBStallHandler		CODE           	1D0E	0000	69
		_USBDeviceTasks		CODE           	0CD8	0000	305
		_USBCheckStdRequest		CODE           	1410	0000	227

../../../../../../framework/usb/src/usb_device.c estimated size: 4656

../../../../../../framework/usb/src/usb_device_hid.c
		_USBCheckHIDRequest		CODE           	113E	0000	245

../../../../../../framework/usb/src/usb_device_hid.c estimated size: 245

shared
		_configDescriptor1		SMALLCONST     	037C	0000	42
		_USB_CD_Ptr    		SMALLCONST     	0307	0000	3
		_sd001         		SMALLCONST     	0348	0000	53
		_sd002         		SMALLCONST     	03A5	0000	29
		i2_USBDeviceInit		CODE           	0A60	0000	325
		i2_BUTTON_Enable1		CODE           	222C	0000	15
		i2_BUTTON_Enable2		CODE           	221E	0000	15
		i2_BUTTON_Enable3		CODE           	2210	0000	15
		i2_BUTTON_Enable4		CODE           	2202	0000	15
		__initialization		CODE           	20E8	0000	25
		_device_dsc    		SMALLCONST     	03C1	0000	19
		i2_LED_On      		CODE           	1FE8	0000	45
		i2_LED_Off     		CODE           	2014	0000	45
		i2_SYSTEM_Initialize		CODE           	1CC6	0000	73
		_USB_SD_Ptr    		SMALLCONST     	0301	0000	7
		i2_LED_Enable  		CODE           	1FBC	0000	45
		_hid_rpt01     		SMALLCONST     	0309	0000	64
		i2_memset      		CODE           	1F90	0000	45
		_sd000         		SMALLCONST     	03D3	0000	5
		i2_USBTransferOnePacket		CODE           	103C	0000	259
		i2_APP_KeyboardProcessOutputReport		CODE           	217E	0000	23

shared estimated size: 1167

../../../../../../bsp/low_pin_count_usb_development_kit/pic18f14k50/leds.c
		_LED_Off       		CODE           	1F34	0000	49
		_LED_On        		CODE           	1F04	0000	49
		_LED_Enable    		CODE           	1EA4	0000	49

../../../../../../bsp/low_pin_count_usb_development_kit/pic18f14k50/leds.c estimated size: 147

../demo_src/app_device_keyboard.c
		_init          		CODE           	210E	0000	31
		_APP_KeyboardProcessOutputReport		CODE           	2168	0000	23
		_APP_KeyboardInit		CODE           	1BB6	0000	105
		_adConv        		CODE           	1D96	0000	61
		_USBHIDCBSetIdleRateHandler		CODE           	21F0	0000	19
		_USBHIDCBSetReportHandler		CODE           	214A	0000	31
		_APP_KeyboardTasks		CODE           	03D8	0000	707
		_InPut         		CODE           	1E40	0000	51
		_USBHIDCBSetReportComplete		CODE           	223A	0000	11

../demo_src/app_device_keyboard.c estimated size: 1039

../../../../../../bsp/low_pin_count_usb_development_kit/pic18f14k50/buttons.c
		_BUTTON_Enable1		CODE           	21DE	0000	19
		_BUTTON_Enable2		CODE           	21CC	0000	19
		_BUTTON_Enable3		CODE           	21BA	0000	19
		_BUTTON_Enable4		CODE           	21A8	0000	19
		_BUTTON_IsPressed1		CODE           	20BE	0000	43
		_BUTTON_IsPressed2		CODE           	2094	0000	43
		_BUTTON_IsPressed3		CODE           	206A	0000	43
		_BUTTON_IsPressed4		CODE           	2040	0000	43

../../../../../../bsp/low_pin_count_usb_development_kit/pic18f14k50/buttons.c estimated size: 248

system.c
		_SYS_InterruptHigh		CODE           	0008	0000	155
		_SYSTEM_Initialize		CODE           	1C7A	0000	77

system.c estimated size: 232

../demo_src/app_led_usb_status.c
		_APP_LEDUpdateUSBStatus		CODE           	1762	0000	189

../demo_src/app_led_usb_status.c estimated size: 189

../demo_src/main.c
		_main          		CODE           	2194	0000	21

../demo_src/main.c estimated size: 21

C:\Program Files (x86)\Microchip\xc8\v1.45\sources\common\memset.c
		_memset        		CODE           	1ED4	0000	49

C:\Program Files (x86)\Microchip\xc8\v1.45\sources\common\memset.c estimated size: 49

